src/components/portfolio/AboutSection.tsx(52,5): error TS17004: Cannot use JSX unless the '--jsx' flag is provided.
src/components/portfolio/AboutSection.tsx(53,7): error TS17004: Cannot use JSX unless the '--jsx' flag is provided.
src/components/portfolio/AboutSection.tsx(55,9): error TS17004: Cannot use JSX unless the '--jsx' flag is provided.
src/components/portfolio/AboutSection.tsx(57,7): error TS17004: Cannot use JSX unless the '--jsx' flag is provided.
src/components/portfolio/AboutSection.tsx(66,5): error TS17004: Cannot use JSX unless the '--jsx' flag is provided.
src/components/portfolio/AboutSection.tsx(67,7): error TS17004: Cannot use JSX unless the '--jsx' flag is provided.
src/components/portfolio/AboutSection.tsx(68,9): error TS17004: Cannot use JSX unless the '--jsx' flag is provided.
src/components/portfolio/AboutSection.tsx(70,11): error TS17004: Cannot use JSX unless the '--jsx' flag is provided.
src/components/portfolio/AboutSection.tsx(72,13): error TS17004: Cannot use JSX unless the '--jsx' flag is provided.
src/components/portfolio/AboutSection.tsx(79,11): error TS17004: Cannot use JSX unless the '--jsx' flag is provided.
src/components/portfolio/AboutSection.tsx(80,13): error TS17004: Cannot use JSX unless the '--jsx' flag is provided.
src/components/portfolio/AboutSection.tsx(86,13): error TS17004: Cannot use JSX unless the '--jsx' flag is provided.
src/components/portfolio/AboutSection.tsx(97,13): error TS17004: Cannot use JSX unless the '--jsx' flag is provided.
src/components/portfolio/AboutSection.tsx(98,15): error TS17004: Cannot use JSX unless the '--jsx' flag is provided.
src/components/portfolio/AboutSection.tsx(104,15): error TS17004: Cannot use JSX unless the '--jsx' flag is provided.
src/components/portfolio/AboutSection.tsx(115,9): error TS17004: Cannot use JSX unless the '--jsx' flag is provided.
src/components/portfolio/AboutSection.tsx(119,11): error TS17004: Cannot use JSX unless the '--jsx' flag is provided.
src/components/portfolio/AboutSection.tsx(120,11): error TS17004: Cannot use JSX unless the '--jsx' flag is provided.
src/components/portfolio/AboutSection.tsx(121,11): error TS17004: Cannot use JSX unless the '--jsx' flag is provided.
src/components/portfolio/HeroSection.tsx(31,5): error TS17004: Cannot use JSX unless the '--jsx' flag is provided.
src/components/portfolio/HeroSection.tsx(38,7): error TS17004: Cannot use JSX unless the '--jsx' flag is provided.
src/components/portfolio/HeroSection.tsx(41,7): error TS17004: Cannot use JSX unless the '--jsx' flag is provided.
src/components/portfolio/HeroSection.tsx(45,7): error TS17004: Cannot use JSX unless the '--jsx' flag is provided.
src/components/portfolio/HeroSection.tsx(47,9): error TS17004: Cannot use JSX unless the '--jsx' flag is provided.
src/components/portfolio/HeroSection.tsx(48,11): error TS17004: Cannot use JSX unless the '--jsx' flag is provided.
src/components/portfolio/HeroSection.tsx(57,13): error TS17004: Cannot use JSX unless the '--jsx' flag is provided.
src/components/portfolio/HeroSection.tsx(58,13): error TS17004: Cannot use JSX unless the '--jsx' flag is provided.
src/components/portfolio/HeroSection.tsx(60,11): error TS17004: Cannot use JSX unless the '--jsx' flag is provided.
src/components/portfolio/HeroSection.tsx(67,9): error TS17004: Cannot use JSX unless the '--jsx' flag is provided.
src/components/portfolio/HeroSection.tsx(69,11): error TS17004: Cannot use JSX unless the '--jsx' flag is provided.
src/components/portfolio/HeroSection.tsx(82,13): error TS17004: Cannot use JSX unless the '--jsx' flag is provided.
src/components/portfolio/HeroSection.tsx(83,15): error TS17004: Cannot use JSX unless the '--jsx' flag is provided.
src/components/portfolio/HeroSection.tsx(84,15): error TS17004: Cannot use JSX unless the '--jsx' flag is provided.
src/components/portfolio/HeroSection.tsx(89,11): error TS17004: Cannot use JSX unless the '--jsx' flag is provided.
src/components/portfolio/HeroSection.tsx(90,13): error TS17004: Cannot use JSX unless the '--jsx' flag is provided.
src/components/portfolio/HeroSection.tsx(105,9): error TS17004: Cannot use JSX unless the '--jsx' flag is provided.
src/components/portfolio/HeroSection.tsx(106,11): error TS17004: Cannot use JSX unless the '--jsx' flag is provided.
src/components/portfolio/HeroSection.tsx(113,11): error TS17004: Cannot use JSX unless the '--jsx' flag is provided.
src/components/portfolio/HeroSection.tsx(119,11): error TS17004: Cannot use JSX unless the '--jsx' flag is provided.
src/components/portfolio/ScrollingPortrait.tsx(97,5): error TS17004: Cannot use JSX unless the '--jsx' flag is provided.
src/components/portfolio/ScrollingPortrait.tsx(98,7): error TS17004: Cannot use JSX unless the '--jsx' flag is provided.
src/components/portfolio/ScrollingPortrait.tsx(105,9): error TS17004: Cannot use JSX unless the '--jsx' flag is provided.
src/components/portfolio/ScrollingPortrait.tsx(118,11): error TS17004: Cannot use JSX unless the '--jsx' flag is provided.
src/components/portfolio/ScrollingPortrait.tsx(124,11): error TS17004: Cannot use JSX unless the '--jsx' flag is provided.
src/components/portfolio/ScrollingPortrait.tsx(133,13): error TS17004: Cannot use JSX unless the '--jsx' flag is provided.
src/components/portfolio/ScrollingPortrait.tsx(137,11): error TS17004: Cannot use JSX unless the '--jsx' flag is provided.
src/components/portfolio/ServicesSection.tsx(2,33): error TS2307: Cannot find module '@/hooks/useScrollReveal' or its corresponding type declarations.
src/components/portfolio/ServicesSection.tsx(69,5): error TS17004: Cannot use JSX unless the '--jsx' flag is provided.
src/components/portfolio/ServicesSection.tsx(70,7): error TS17004: Cannot use JSX unless the '--jsx' flag is provided.
src/components/portfolio/ServicesSection.tsx(73,9): error TS17004: Cannot use JSX unless the '--jsx' flag is provided.
src/components/portfolio/ServicesSection.tsx(76,11): error TS17004: Cannot use JSX unless the '--jsx' flag is provided.
src/components/portfolio/ServicesSection.tsx(79,11): error TS17004: Cannot use JSX unless the '--jsx' flag is provided.
src/components/portfolio/ServicesSection.tsx(80,13): error TS17004: Cannot use JSX unless the '--jsx' flag is provided.
src/components/portfolio/ServicesSection.tsx(87,13): error TS17004: Cannot use JSX unless the '--jsx' flag is provided.
src/components/portfolio/ServicesSection.tsx(96,15): error TS17004: Cannot use JSX unless the '--jsx' flag is provided.
src/components/portfolio/ServicesSection.tsx(100,13): error TS17004: Cannot use JSX unless the '--jsx' flag is provided.
src/components/portfolio/ServicesSection.tsx(108,11): error TS17004: Cannot use JSX unless the '--jsx' flag is provided.
src/components/portfolio/ServicesSection.tsx(110,15): error TS17004: Cannot use JSX unless the '--jsx' flag is provided.
src/components/portfolio/ServicesSection.tsx(111,17): error TS17004: Cannot use JSX unless the '--jsx' flag is provided.
src/components/portfolio/ServicesSection.tsx(116,19): error TS17004: Cannot use JSX unless the '--jsx' flag is provided.
src/components/portfolio/ServicesSection.tsx(117,21): error TS17004: Cannot use JSX unless the '--jsx' flag is provided.
src/components/portfolio/ServicesSection.tsx(124,21): error TS17004: Cannot use JSX unless the '--jsx' flag is provided.
src/components/portfolio/ServicesSection.tsx(136,19): error TS17004: Cannot use JSX unless the '--jsx' flag is provided.
src/components/portfolio/ServicesSection.tsx(143,17): error TS17004: Cannot use JSX unless the '--jsx' flag is provided.
src/components/portfolio/ServicesSection.tsx(148,19): error TS17004: Cannot use JSX unless the '--jsx' flag is provided.
src/components/portfolio/ServicesSection.tsx(150,23): error TS17004: Cannot use JSX unless the '--jsx' flag is provided.
src/components/portfolio/ServicesSection.tsx(154,25): error TS17004: Cannot use JSX unless the '--jsx' flag is provided.
src/components/portfolio/ServicesSection.tsx(171,9): error TS17004: Cannot use JSX unless the '--jsx' flag is provided.
src/components/portfolio/ServicesSection.tsx(173,13): error TS17004: Cannot use JSX unless the '--jsx' flag is provided.
src/components/portfolio/ServicesSection.tsx(184,15): error TS17004: Cannot use JSX unless the '--jsx' flag is provided.
src/components/portfolio/ServicesSection.tsx(191,15): error TS17004: Cannot use JSX unless the '--jsx' flag is provided.
